download https://nlftp.mlit.go.jp/ksj/gml/data/N05/N05-25/N05-25_GML.zip
MLIT: 2653
DOWNLOAD https://download.geofabrik.de/asia/japan/hokkaido-latest.osm.pbf
RUN osmium tags-filter /home/runner/work/server-assets/server-assets/work_historical_railways/pbf_osm/北海道.osm.pbf w/railway w/abandoned:railway w/disused:railway w/demolished:railway w/razed:railway w/dismantled:railway w/removed:railway w/former:railway w/was:railway -o /home/runner/work/server-assets/server-assets/work_historical_railways/pbf_osm/北海道.filtered.pbf --overwrite
RUN osmium export /home/runner/work/server-assets/server-assets/work_historical_railways/pbf_osm/北海道.filtered.pbf -f geojsonseq -o /home/runner/work/server-assets/server-assets/work_historical_railways/pbf_osm/北海道.geojsonseq --overwrite
OSM 北海道: 8369; total=8369
DOWNLOAD https://download.geofabrik.de/asia/japan/tohoku-latest.osm.pbf
RUN osmium tags-filter /home/runner/work/server-assets/server-assets/work_historical_railways/pbf_osm/東北.osm.pbf w/railway w/abandoned:railway w/disused:railway w/demolished:railway w/razed:railway w/dismantled:railway w/removed:railway w/former:railway w/was:railway -o /home/runner/work/server-assets/server-assets/work_historical_railways/pbf_osm/東北.filtered.pbf --overwrite
RUN osmium export /home/runner/work/server-assets/server-assets/work_historical_railways/pbf_osm/東北.filtered.pbf -f geojsonseq -o /home/runner/work/server-assets/server-assets/work_historical_railways/pbf_osm/東北.geojsonseq --overwrite
OSM 東北: 14354; total=22723
DOWNLOAD https://download.geofabrik.de/asia/japan/kanto-latest.osm.pbf
RUN osmium tags-filter /home/runner/work/server-assets/server-assets/work_historical_railways/pbf_osm/関東.osm.pbf w/railway w/abandoned:railway w/disused:railway w/demolished:railway w/razed:railway w/dismantled:railway w/removed:railway w/former:railway w/was:railway -o /home/runner/work/server-assets/server-assets/work_historical_railways/pbf_osm/関東.filtered.pbf --overwrite
RUN osmium export /home/runner/work/server-assets/server-assets/work_historical_railways/pbf_osm/関東.filtered.pbf -f geojsonseq -o /home/runner/work/server-assets/server-assets/work_historical_railways/pbf_osm/関東.geojsonseq --overwrite
OSM 関東: 33908; total=56631
DOWNLOAD https://download.geofabrik.de/asia/japan/chubu-latest.osm.pbf
RUN osmium tags-filter /home/runner/work/server-assets/server-assets/work_historical_railways/pbf_osm/中部.osm.pbf w/railway w/abandoned:railway w/disused:railway w/demolished:railway w/razed:railway w/dismantled:railway w/removed:railway w/former:railway w/was:railway -o /home/runner/work/server-assets/server-assets/work_historical_railways/pbf_osm/中部.filtered.pbf --overwrite
RUN osmium export /home/runner/work/server-assets/server-assets/work_historical_railways/pbf_osm/中部.filtered.pbf -f geojsonseq -o /home/runner/work/server-assets/server-assets/work_historical_railways/pbf_osm/中部.geojsonseq --overwrite
OSM 中部: 29587; total=86218
DOWNLOAD https://download.geofabrik.de/asia/japan/kansai-latest.osm.pbf
RUN osmium tags-filter /home/runner/work/server-assets/server-assets/work_historical_railways/pbf_osm/関西.osm.pbf w/railway w/abandoned:railway w/disused:railway w/demolished:railway w/razed:railway w/dismantled:railway w/removed:railway w/former:railway w/was:railway -o /home/runner/work/server-assets/server-assets/work_historical_railways/pbf_osm/関西.filtered.pbf --overwrite
RUN osmium export /home/runner/work/server-assets/server-assets/work_historical_railways/pbf_osm/関西.filtered.pbf -f geojsonseq -o /home/runner/work/server-assets/server-assets/work_historical_railways/pbf_osm/関西.geojsonseq --overwrite
OSM 関西: 28357; total=114575
DOWNLOAD https://download.geofabrik.de/asia/japan/chugoku-latest.osm.pbf
RUN osmium tags-filter /home/runner/work/server-assets/server-assets/work_historical_railways/pbf_osm/中国.osm.pbf w/railway w/abandoned:railway w/disused:railway w/demolished:railway w/razed:railway w/dismantled:railway w/removed:railway w/former:railway w/was:railway -o /home/runner/work/server-assets/server-assets/work_historical_railways/pbf_osm/中国.filtered.pbf --overwrite
RUN osmium export /home/runner/work/server-assets/server-assets/work_historical_railways/pbf_osm/中国.filtered.pbf -f geojsonseq -o /home/runner/work/server-assets/server-assets/work_historical_railways/pbf_osm/中国.geojsonseq --overwrite
OSM 中国: 13736; total=128311
DOWNLOAD https://download.geofabrik.de/asia/japan/shikoku-latest.osm.pbf
RUN osmium tags-filter /home/runner/work/server-assets/server-assets/work_historical_railways/pbf_osm/四国.osm.pbf w/railway w/abandoned:railway w/disused:railway w/demolished:railway w/razed:railway w/dismantled:railway w/removed:railway w/former:railway w/was:railway -o /home/runner/work/server-assets/server-assets/work_historical_railways/pbf_osm/四国.filtered.pbf --overwrite
RUN osmium export /home/runner/work/server-assets/server-assets/work_historical_railways/pbf_osm/四国.filtered.pbf -f geojsonseq -o /home/runner/work/server-assets/server-assets/work_historical_railways/pbf_osm/四国.geojsonseq --overwrite
OSM 四国: 4634; total=132945
DOWNLOAD https://download.geofabrik.de/asia/japan/kyushu-latest.osm.pbf
RUN osmium tags-filter /home/runner/work/server-assets/server-assets/work_historical_railways/pbf_osm/九州.osm.pbf w/railway w/abandoned:railway w/disused:railway w/demolished:railway w/razed:railway w/dismantled:railway w/removed:railway w/former:railway w/was:railway -o /home/runner/work/server-assets/server-assets/work_historical_railways/pbf_osm/九州.filtered.pbf --overwrite
RUN osmium export /home/runner/work/server-assets/server-assets/work_historical_railways/pbf_osm/九州.filtered.pbf -f geojsonseq -o /home/runner/work/server-assets/server-assets/work_historical_railways/pbf_osm/九州.geojsonseq --overwrite
OSM 九州: 14683; total=147628
DOWNLOAD https://planet.openhistoricalmap.org.s3.amazonaws.com/planet/planet-260801_0021.osm.pbf
download retry 1: HTTPSConnectionPool(host='planet.openhistoricalmap.org.s3.amazonaws.com', port=443): Max retries exceeded with url: /planet/planet-260801_0021.osm.pbf (Caused by SSLError(SSLCertVerificationError(1, "[SSL: CERTIFICATE_VERIFY_FAILED] certificate verify failed: Hostname mismatch, certificate is not valid for 'planet.openhistoricalmap.org.s3.amazonaws.com'. (_ssl.c:1000)")))
DOWNLOAD https://planet.openhistoricalmap.org.s3.amazonaws.com/planet/planet-260801_0021.osm.pbf
download retry 2: HTTPSConnectionPool(host='planet.openhistoricalmap.org.s3.amazonaws.com', port=443): Max retries exceeded with url: /planet/planet-260801_0021.osm.pbf (Caused by SSLError(SSLCertVerificationError(1, "[SSL: CERTIFICATE_VERIFY_FAILED] certificate verify failed: Hostname mismatch, certificate is not valid for 'planet.openhistoricalmap.org.s3.amazonaws.com'. (_ssl.c:1000)")))
DOWNLOAD https://planet.openhistoricalmap.org.s3.amazonaws.com/planet/planet-260801_0021.osm.pbf
download retry 3: HTTPSConnectionPool(host='planet.openhistoricalmap.org.s3.amazonaws.com', port=443): Max retries exceeded with url: /planet/planet-260801_0021.osm.pbf (Caused by SSLError(SSLCertVerificationError(1, "[SSL: CERTIFICATE_VERIFY_FAILED] certificate verify failed: Hostname mismatch, certificate is not valid for 'planet.openhistoricalmap.org.s3.amazonaws.com'. (_ssl.c:1000)")))
DOWNLOAD https://planet.openhistoricalmap.org.s3.amazonaws.com/planet/planet-260801_0021.osm.pbf
download retry 4: HTTPSConnectionPool(host='planet.openhistoricalmap.org.s3.amazonaws.com', port=443): Max retries exceeded with url: /planet/planet-260801_0021.osm.pbf (Caused by SSLError(SSLCertVerificationError(1, "[SSL: CERTIFICATE_VERIFY_FAILED] certificate verify failed: Hostname mismatch, certificate is not valid for 'planet.openhistoricalmap.org.s3.amazonaws.com'. (_ssl.c:1000)")))
DOWNLOAD https://planet.openhistoricalmap.org.s3.amazonaws.com/planet/planet-260801_0021.osm.pbf
download retry 5: HTTPSConnectionPool(host='planet.openhistoricalmap.org.s3.amazonaws.com', port=443): Max retries exceeded with url: /planet/planet-260801_0021.osm.pbf (Caused by SSLError(SSLCertVerificationError(1, "[SSL: CERTIFICATE_VERIFY_FAILED] certificate verify failed: Hostname mismatch, certificate is not valid for 'planet.openhistoricalmap.org.s3.amazonaws.com'. (_ssl.c:1000)")))
Traceback (most recent call last):
  File "/usr/lib/python3/dist-packages/urllib3/connectionpool.py", line 468, in _make_request
    self._validate_conn(conn)
  File "/usr/lib/python3/dist-packages/urllib3/connectionpool.py", line 1109, in _validate_conn
    conn.connect()
  File "/usr/lib/python3/dist-packages/urllib3/connection.py", line 642, in connect
    sock_and_verified = _ssl_wrap_socket_and_match_hostname(
                        ^^^^^^^^^^^^^^^^^^^^^^^^^^^^^^^^^^^^
  File "/usr/lib/python3/dist-packages/urllib3/connection.py", line 783, in _ssl_wrap_socket_and_match_hostname
    ssl_sock = ssl_wrap_socket(
               ^^^^^^^^^^^^^^^^
  File "/usr/lib/python3/dist-packages/urllib3/util/ssl_.py", line 471, in ssl_wrap_socket
    ssl_sock = _ssl_wrap_socket_impl(sock, context, tls_in_tls, server_hostname)
               ^^^^^^^^^^^^^^^^^^^^^^^^^^^^^^^^^^^^^^^^^^^^^^^^^^^^^^^^^^^^^^^^^
  File "/usr/lib/python3/dist-packages/urllib3/util/ssl_.py", line 515, in _ssl_wrap_socket_impl
    return ssl_context.wrap_socket(sock, server_hostname=server_hostname)
           ^^^^^^^^^^^^^^^^^^^^^^^^^^^^^^^^^^^^^^^^^^^^^^^^^^^^^^^^^^^^^^
  File "/usr/lib/python3.12/ssl.py", line 455, in wrap_socket
    return self.sslsocket_class._create(
           ^^^^^^^^^^^^^^^^^^^^^^^^^^^^^
  File "/usr/lib/python3.12/ssl.py", line 1042, in _create
    self.do_handshake()
  File "/usr/lib/python3.12/ssl.py", line 1320, in do_handshake
    self._sslobj.do_handshake()
ssl.SSLCertVerificationError: [SSL: CERTIFICATE_VERIFY_FAILED] certificate verify failed: Hostname mismatch, certificate is not valid for 'planet.openhistoricalmap.org.s3.amazonaws.com'. (_ssl.c:1000)

During handling of the above exception, another exception occurred:

Traceback (most recent call last):
  File "/usr/lib/python3/dist-packages/urllib3/connectionpool.py", line 791, in urlopen
    response = self._make_request(
               ^^^^^^^^^^^^^^^^^^^
  File "/usr/lib/python3/dist-packages/urllib3/connectionpool.py", line 492, in _make_request
    raise new_e
urllib3.exceptions.SSLError: [SSL: CERTIFICATE_VERIFY_FAILED] certificate verify failed: Hostname mismatch, certificate is not valid for 'planet.openhistoricalmap.org.s3.amazonaws.com'. (_ssl.c:1000)

The above exception was the direct cause of the following exception:

Traceback (most recent call last):
  File "/home/runner/.local/lib/python3.12/site-packages/requests/adapters.py", line 696, in send
    resp = conn.urlopen(
           ^^^^^^^^^^^^^
  File "/usr/lib/python3/dist-packages/urllib3/connectionpool.py", line 845, in urlopen
    retries = retries.increment(
              ^^^^^^^^^^^^^^^^^^
  File "/usr/lib/python3/dist-packages/urllib3/util/retry.py", line 517, in increment
    raise MaxRetryError(_pool, url, reason) from reason  # type: ignore[arg-type]
    ^^^^^^^^^^^^^^^^^^^^^^^^^^^^^^^^^^^^^^^^^^^^^^^^^^^
urllib3.exceptions.MaxRetryError: HTTPSConnectionPool(host='planet.openhistoricalmap.org.s3.amazonaws.com', port=443): Max retries exceeded with url: /planet/planet-260801_0021.osm.pbf (Caused by SSLError(SSLCertVerificationError(1, "[SSL: CERTIFICATE_VERIFY_FAILED] certificate verify failed: Hostname mismatch, certificate is not valid for 'planet.openhistoricalmap.org.s3.amazonaws.com'. (_ssl.c:1000)")))

During handling of the above exception, another exception occurred:

Traceback (most recent call last):
  File "/home/runner/work/server-assets/server-assets/tools/run_pbf_offline_builder.py", line 295, in <module>
    ohm = load_ohm()
          ^^^^^^^^^^
  File "/home/runner/work/server-assets/server-assets/tools/run_pbf_offline_builder.py", line 219, in load_ohm
    planet = download(url, root / "planet.osm.pbf", 1000000)
             ^^^^^^^^^^^^^^^^^^^^^^^^^^^^^^^^^^^^^^^^^^^^^^^
  File "/home/runner/work/server-assets/server-assets/tools/run_pbf_offline_builder.py", line 86, in download
    with SESSION.get(url, stream=True, timeout=(30, 3600)) as r:
         ^^^^^^^^^^^^^^^^^^^^^^^^^^^^^^^^^^^^^^^^^^^^^^^^^
  File "/home/runner/.local/lib/python3.12/site-packages/requests/sessions.py", line 671, in get
    return self.request("GET", url, params=params, **kwargs)
           ^^^^^^^^^^^^^^^^^^^^^^^^^^^^^^^^^^^^^^^^^^^^^^^^^
  File "/home/runner/.local/lib/python3.12/site-packages/requests/sessions.py", line 651, in request
    resp = self.send(prep, **send_kwargs)
           ^^^^^^^^^^^^^^^^^^^^^^^^^^^^^^
  File "/home/runner/.local/lib/python3.12/site-packages/requests/sessions.py", line 784, in send
    r = adapter.send(request, **kwargs)
        ^^^^^^^^^^^^^^^^^^^^^^^^^^^^^^^
  File "/home/runner/.local/lib/python3.12/site-packages/requests/adapters.py", line 727, in send
    raise SSLError(e, request=request)
requests.exceptions.SSLError: HTTPSConnectionPool(host='planet.openhistoricalmap.org.s3.amazonaws.com', port=443): Max retries exceeded with url: /planet/planet-260801_0021.osm.pbf (Caused by SSLError(SSLCertVerificationError(1, "[SSL: CERTIFICATE_VERIFY_FAILED] certificate verify failed: Hostname mismatch, certificate is not valid for 'planet.openhistoricalmap.org.s3.amazonaws.com'. (_ssl.c:1000)")))
